2026-09-10T12:59:57Z INF Thank you for trying Cloudflare Tunnel. Doing so, without a Cloudflare account, is a quick way to experiment and try it out. However, be aware that these account-less Tunnels have no uptime guarantee, are subject to the Cloudflare Online Services Terms of Use (https://www.cloudflare.com/website-terms/), and Cloudflare reserves the right to investigate your use of Tunnels for violations of such terms. If you intend to use Tunnels in production you should use a pre-created named tunnel by following: https://developers.cloudflare.com/cloudflare-one/connections/connect-apps
2026-09-10T12:59:57Z INF Requesting new quick Tunnel on trycloudflare.com...
2026-09-10T13:00:06Z INF +--------------------------------------------------------------------------------------------+
2026-09-10T13:00:06Z INF |  Your quick Tunnel has been created! Visit it at (it may take some time to be reachable):  |
2026-09-10T13:00:06Z INF |  https://extent-item-conscious-further.trycloudflare.com                                   |
2026-09-10T13:00:06Z INF +--------------------------------------------------------------------------------------------+
2026-09-10T13:00:06Z INF Cannot determine default configuration path. No file [config.yml config.yaml] in [~/.cloudflared ~/.cloudflare-warp ~/cloudflare-warp /etc/cloudflared /usr/local/etc/cloudflared]
2026-09-10T13:00:06Z INF Version 2026.9.0 (Checksum 5b80363360c27a0c465720b11107445b0e0e5846f1ededa870d396d264a4e35d)
2026-09-10T13:00:06Z INF GOOS: darwin, GOVersion: go1.27.1, GoArch: arm64
2026-09-10T13:00:06Z INF Settings: map[ha-connections:1 protocol:quic url:http://localhost:8791]
2026-09-10T13:00:06Z INF cloudflared will not automatically update if installed by a package manager.
2026-09-10T13:00:06Z INF Generated Connector ID: 038b511f-6c1f-48e5-8e06-4f2b0267d292
2026-09-10T13:00:06Z INF Initial protocol quic
2026-09-10T13:00:06Z INF ICMP proxy will use 192.168.1.48 as source for IPv4
2026-09-10T13:00:06Z INF ICMP proxy will use fe80::1c1e:cea7:201:30a4 in zone en0 as source for IPv6
2026-09-10T13:00:06Z INF Created ICMP proxy listening on 192.168.1.48:0
2026-09-10T13:00:06Z INF ICMP proxy will use 192.168.1.48 as source for IPv4
2026-09-10T13:00:06Z INF ICMP proxy will use fe80::1c1e:cea7:201:30a4 in zone en0 as source for IPv6
2026-09-10T13:00:06Z INF Starting metrics server on 127.0.0.1:20241/metrics
2026-09-10T13:00:06Z INF Tunnel connection curve preferences: [X25519MLKEM768 CurveID(65074) CurveP256] connIndex=0 event=0 ip=198.41.192.57
2026-09-10T13:00:07Z INF Registered tunnel connection connIndex=0 connection=4c5c5933-5695-46c2-b9ba-12f6dcb42e42 event=0 ip=198.41.192.57 location=iad16 protocol=quic
2026-09-10T13:00:12Z INF +-------------------------------------------------------------------------------------+
2026-09-10T13:00:12Z INF |                               CONNECTIVITY PRE-CHECKS                               |
2026-09-10T13:00:12Z INF +-------------------------------------------------------------------------------------+
2026-09-10T13:00:12Z INF |  COMPONENT         TARGET                     STATUS  DETAILS                       |
2026-09-10T13:00:12Z INF |  DNS Resolution    region1.v2.argotunnel.com  PASS    DNS Resolved successfully     |
2026-09-10T13:00:12Z INF |  DNS Resolution    region2.v2.argotunnel.com  PASS    DNS Resolved successfully     |
2026-09-10T13:00:12Z INF |  UDP Connectivity  region1.v2.argotunnel.com  PASS    QUIC connection successful    |
2026-09-10T13:00:12Z INF |  UDP Connectivity  region2.v2.argotunnel.com  PASS    QUIC connection successful    |
2026-09-10T13:00:12Z INF |  TCP Connectivity  region1.v2.argotunnel.com  PASS    HTTP/2 connection successful  |
2026-09-10T13:00:12Z INF |  TCP Connectivity  region2.v2.argotunnel.com  PASS    HTTP/2 connection successful  |
2026-09-10T13:00:12Z INF |  Cloudflare API    api.cloudflare.com:443     PASS    API is reachable              |
2026-09-10T13:00:12Z INF |                                                                                     |
2026-09-10T13:00:12Z INF |  SUMMARY: Environment is healthy. cloudflared will use 'quic' as primary protocol.  |
2026-09-10T13:00:12Z INF +-------------------------------------------------------------------------------------+
2026-09-10T13:00:12Z INF precheck component="DNS Resolution" details="DNS Resolved successfully" run_id=557504d7-3645-4431-ad84-85bcadf0c446 status=pass target=region1.v2.argotunnel.com
2026-09-10T13:00:12Z INF precheck component="DNS Resolution" details="DNS Resolved successfully" run_id=557504d7-3645-4431-ad84-85bcadf0c446 status=pass target=region2.v2.argotunnel.com
2026-09-10T13:00:12Z INF precheck component="UDP Connectivity" details="QUIC connection successful" run_id=557504d7-3645-4431-ad84-85bcadf0c446 status=pass target=region1.v2.argotunnel.com
2026-09-10T13:00:12Z INF precheck component="UDP Connectivity" details="QUIC connection successful" run_id=557504d7-3645-4431-ad84-85bcadf0c446 status=pass target=region2.v2.argotunnel.com
2026-09-10T13:00:12Z INF precheck component="TCP Connectivity" details="HTTP/2 connection successful" run_id=557504d7-3645-4431-ad84-85bcadf0c446 status=pass target=region1.v2.argotunnel.com
2026-09-10T13:00:12Z INF precheck component="TCP Connectivity" details="HTTP/2 connection successful" run_id=557504d7-3645-4431-ad84-85bcadf0c446 status=pass target=region2.v2.argotunnel.com
2026-09-10T13:00:12Z INF precheck component="Cloudflare API" details="API is reachable" run_id=557504d7-3645-4431-ad84-85bcadf0c446 status=pass target=api.cloudflare.com:443
2026-09-10T13:00:12Z INF precheck complete hard_fail=false run_id=557504d7-3645-4431-ad84-85bcadf0c446 suggested_protocol=quic
2026-09-10T13:03:20Z INF Initiating graceful shutdown due to signal terminated ...
2026-09-10T13:03:20Z INF Retrying connection in up to 1s connIndex=0 event=0 ip=198.41.192.57
2026-09-10T13:03:20Z ERR Connection terminated connIndex=0
2026-09-10T13:03:20Z ERR no more connections active and exiting
2026-09-10T13:03:20Z INF Tunnel server stopped
2026-09-10T13:03:20Z INF Metrics server stopped
